// Jest Snapshot v1, https://goo.gl/fbAQLP

exports[`Author Model should initiate with defaults 1`] = `Author {}`;
